---
source: crates/soul-tune/src/tests_states.rs
expression: rendered
---
"┌ 选 择 检 索 模 式  ────────────────────────────────────────────────────────────────┐\n│                                                                              │\n└──────────────────────────────────────────────────────────────────────────────┘\n  选 择 检 索 模 式 :\n    [E]  Embedding       余 弦 相 似 度 检 索\n    [A]  Association     PPR 图 关 联 检 索\n    [F]  Full Pipeline   完 整 流 水 线 检 索\n  [Esc] 返 回\n [E] Embedding    [A] Association    [F] Full    [Esc] 返 回"
