---
source: crates/soul-tune/src/tests_states.rs
expression: rendered
---
"┌ Soul-Tune · 记 忆 算 法 测 试 框 架  ────────────────────────────────────────────────┐\n│                                                                              │\n└──────────────────────────────────────────────────────────────────────────────┘\n  快 捷 键 :\n    [R]  Retrieve             检 索 测 试 （ 选 择 模 式 ）\n    [D]  Diff/对 比             比 对  Embedding vs Full Pipeline\n    [P]  PlayTest             角 色 扮 演 测 试\n    [C]  Consolidate          巩 固 （ 未 实 现 ）\n    [F]  Forget               遗 忘 测 试 （ 选 择 模 式 后 进 入 ）\n    [I]  Inspect              直 接 检 视 测 试 数 据\n    [B]  Batch                批 量 运 行\n    [Q]  退 出\n  输 入  `:` 进 入 命 令 模 式\n [R] 检 索     [D] 对 比     [P] 扮 演     [F] 遗 忘     [I] 检 视     [B] 批 量     [:] 命"
