---
source: crates/soul-tune/src/tests_states.rs
expression: rendered
---
"┌ 比 对 测 试  · 选 择 算 法  ─────────────────────────────────────────────────────────┐\n│                                                                              │\n└──────────────────────────────────────────────────────────────────────────────┘\n  对 比 测 试 : Embedding vs FullPipeline 的 指 标 提 升\n  选 择 要 测 试 的 算 法 :\n    [R]  Retrieve          检 索 （ Embedding ↔ Full Pipeline）\n    [C]  Consolidate       巩 固 （ 未 实 现 ）\n    [F]  Forget            遗 忘 （ 未 实 现 ）\n  [Esc] 返 回\n [R] 检 索 对 比     [Esc] 返 回"
